[kamleshyadav.com/html/portfolio/black_version/index.html]
[backblue.gif]
[fade.gif]
[index.html]
[kamleshyadav.com/html/portfolio/black_version/css/animate.css]
[kamleshyadav.com/html/portfolio/black_version/css/fonts.css]
[kamleshyadav.com/html/portfolio/black_version/css/bootstrap.css]
[kamleshyadav.com/html/portfolio/black_version/css/font-awesome.css]
[kamleshyadav.com/html/portfolio/black_version/css/magnific-popup.css]
[kamleshyadav.com/html/portfolio/black_version/css/owl.carousel.min.css]
[kamleshyadav.com/html/portfolio/black_version/css/owl.theme.default.min.css]
[kamleshyadav.com/html/portfolio/black_version/css/style.css]
[kamleshyadav.com/html/portfolio/black_version/images/header/favicon.png]
[kamleshyadav.com/html/portfolio/black_version/images/header/loader.gif]
[kamleshyadav.com/html/portfolio/black_version/images/header/logo.png]
[kamleshyadav.com/html/portfolio/black_version/images/header/down_arrow.png]
[kamleshyadav.com/html/portfolio/black_version/images/content/about.jpg]
[kamleshyadav.com/html/portfolio/black_version/images/header/right_arrow.png]
[kamleshyadav.com/html/portfolio/black_version/images/header/up_arrow.png]
[kamleshyadav.com/html/portfolio/black_version/images/content/serv1.jpg]
[kamleshyadav.com/html/portfolio/black_version/images/content/serv2.jpg]
[kamleshyadav.com/html/portfolio/black_version/images/content/serv3.jpg]
[kamleshyadav.com/html/portfolio/black_version/images/content/serv4.jpg]
[kamleshyadav.com/html/portfolio/black_version/images/content/serv_icon1.png]
[kamleshyadav.com/html/portfolio/black_version/images/content/serv_icon2.png]
[kamleshyadav.com/html/portfolio/black_version/images/content/serv_icon3.png]
[kamleshyadav.com/html/portfolio/black_version/images/content/serv_icon4.png]
[kamleshyadav.com/html/portfolio/black_version/images/content/counter_1.png]
[kamleshyadav.com/html/portfolio/black_version/images/content/counter_2.png]
[kamleshyadav.com/html/portfolio/black_version/images/content/counter_3.png]
[kamleshyadav.com/html/portfolio/black_version/images/content/client1.png]
[kamleshyadav.com/html/portfolio/black_version/images/content/client2.png]
[kamleshyadav.com/html/portfolio/black_version/images/content/client3.png]
[kamleshyadav.com/html/portfolio/black_version/images/content/client4.png]
[kamleshyadav.com/html/portfolio/black_version/images/content/client5.png]
[kamleshyadav.com/html/portfolio/black_version/images/header/left_arrow.png]
[kamleshyadav.com/html/portfolio/black_version/images/content/port1_big.jpg]
[kamleshyadav.com/html/portfolio/black_version/images/content/port1.jpg]
[kamleshyadav.com/html/portfolio/black_version/images/content/port2.jpg]
[kamleshyadav.com/html/portfolio/black_version/images/content/port3.jpg]
[kamleshyadav.com/html/portfolio/black_version/images/content/port4_big.jpg]
[kamleshyadav.com/html/portfolio/black_version/images/content/port4.jpg]
[kamleshyadav.com/html/portfolio/black_version/images/content/port5.jpg]
[kamleshyadav.com/html/portfolio/black_version/images/content/port6_big.jpg]
[kamleshyadav.com/html/portfolio/black_version/images/content/port6.jpg]
[kamleshyadav.com/html/portfolio/black_version/images/content/port7_big.jpg]
[kamleshyadav.com/html/portfolio/black_version/images/content/port7.jpg]
[kamleshyadav.com/html/portfolio/black_version/images/content/port8.jpg]
[kamleshyadav.com/html/portfolio/black_version/js/bootstrap.js]
[kamleshyadav.com/html/portfolio/black_version/js/jquery.magnific-popup.min.js]
[kamleshyadav.com/html/portfolio/black_version/js/plugin/countto/jquery.countTo.js]
[kamleshyadav.com/html/portfolio/black_version/js/plugin/countto/jquery.appear.js]
[kamleshyadav.com/html/portfolio/black_version/js/jquery.js]
[kamleshyadav.com/html/portfolio/black_version/js/circles.js]
[kamleshyadav.com/html/portfolio/black_version/js/owl.carousel.min.js]
[kamleshyadav.com/html/portfolio/black_version/index.html]
[kamleshyadav.com/html/portfolio/black_version/css/animate.css]
[kamleshyadav.com/html/portfolio/black_version/css/fonts.css]
[kamleshyadav.com/html/portfolio/black_version/js/custom.js]
[kamleshyadav.com/html/portfolio/black_version/fonts/glyphicons-halflings-regular.eot]
[kamleshyadav.com/html/portfolio/black_version/fonts/glyphicons-halflings-regulard41d.eot]
[kamleshyadav.com/html/portfolio/black_version/fonts/glyphicons-halflings-regular.woff]
[kamleshyadav.com/html/portfolio/black_version/fonts/glyphicons-halflings-regular.ttf]
[kamleshyadav.com/html/portfolio/black_version/css/bootstrap.css]
[kamleshyadav.com/html/portfolio/black_version/fonts/fontawesome-webfont3e6e.eot]
[kamleshyadav.com/html/portfolio/black_version/fonts/glyphicons-halflings-regular.woff2]
[kamleshyadav.com/html/portfolio/black_version/fonts/fontawesome-webfontd41d.eot]
[kamleshyadav.com/html/portfolio/black_version/fonts/fontawesome-webfont3e6e.woff]
[kamleshyadav.com/html/portfolio/black_version/fonts/fontawesome-webfont3e6e.woff2]
[kamleshyadav.com/html/portfolio/black_version/fonts/fontawesome-webfont3e6e.ttf]
[kamleshyadav.com/html/portfolio/black_version/css/font-awesome.css]
[kamleshyadav.com/html/portfolio/black_version/css/magnific-popup.css]
[kamleshyadav.com/html/portfolio/black_version/css/owl.video.play.png]
[kamleshyadav.com/html/portfolio/black_version/css/owl.carousel.min.css]
[kamleshyadav.com/html/portfolio/black_version/css/owl.theme.default.min.css]
[kamleshyadav.com/html/portfolio/black_version/images/content/banner_bg.jpg]
[kamleshyadav.com/html/portfolio/black_version/images/content/banner_text_bg.jpg]
[kamleshyadav.com/html/portfolio/black_version/images/content/dtl_box1.jpg]
[kamleshyadav.com/html/portfolio/black_version/images/content/dtl_box2.jpg]
[kamleshyadav.com/html/portfolio/black_version/images/content/dtl_box3.jpg]
[kamleshyadav.com/html/portfolio/black_version/images/content/counter_bg.jpg]
[kamleshyadav.com/html/portfolio/black_version/images/content/progress_1.png]
[kamleshyadav.com/html/portfolio/black_version/images/content/progress_2.png]
[kamleshyadav.com/html/portfolio/black_version/images/content/progress_3.png]
[kamleshyadav.com/html/portfolio/black_version/images/content/progress_4.png]
[kamleshyadav.com/html/portfolio/black_version/css/style.css]
[kamleshyadav.com/html/portfolio/black_version/fonts/glyphicons-halflings-regular.svg]
[kamleshyadav.com/html/portfolio/black_version/fonts/fontawesome-webfont3e6e.svg]
[kamleshyadav.com/html/portfolio/black_version/css/owl.video.play.html]
